================================================================================
HOSTINGIN PHASE 4A BACKEND TESTING
================================================================================

✅ PASS User Login
   Details: Logged in as test@hostingin.com

Running Domain Check API...
✅ PASS Domain Check API
   Details: All 8 TLDs returned with pricing: .com: 150000 cents, available: True, .id: 300000 cents, available: True, .co.id: 250000 cents, available: True, .net: 145000 cents, available: True, .org: 130000 cents, available: True, .store: 85000 cents, available: True, .tech: 100000 cents, available: False, .ai: 400000 cents, available: False

----------------------------------------
Running Cart Operations...
✅ PASS Cart - Get Empty
   Details: Empty cart: 0 cents, 0 items

✅ PASS Cart - Add Domain
   Details: Domain added, total: 150000 cents

✅ PASS Cart - Add Hosting
   Details: Hosting added, total: 150500 cents

✅ PASS Cart - Remove Item
   Details: Item removed, total: 500 cents

✅ PASS Cart - Clear
   Details: Cart cleared successfully

----------------------------------------
Running Checkout & Payment...
✅ PASS Checkout
   Details: Order created: 68df9deda26f565973afdd95, Payment: 68df9deda26f565973afdd96, Reference: BCA973afdd95

----------------------------------------
Running Payment Simulation...
✅ PASS Payment Simulation Start
   Details: Payment simulation started for order 68df9deda26f565973afdd95

❌ FAIL Payment Status Check
   Error: Status: 500

----------------------------------------
Running Payment Auto-Success...
Testing payment auto-success (this will take 3+ minutes)...
Waiting 185 seconds for auto-success...
Waiting... 185 seconds remainingWaiting... 175 seconds remainingWaiting... 165 seconds remainingWaiting... 155 seconds remainingWaiting... 145 seconds remainingWaiting... 135 seconds remainingWaiting... 125 seconds remainingWaiting... 115 seconds remainingWaiting... 105 seconds remainingWaiting... 95 seconds remainingWaiting... 85 seconds remainingWaiting... 75 seconds remainingWaiting... 65 seconds remainingWaiting... 55 seconds remainingWaiting... 45 seconds remainingWaiting... 35 seconds remainingWaiting... 25 seconds remainingWaiting... 15 seconds remaining✅ PASS Payment Auto-Success
   Details: Payment succeeded after 180 seconds. Order status: active

✅ PASS Order Status Update
   Details: Order status correctly updated to active

----------------------------------------
Running My Services...
✅ PASS My Services - Get
   Details: Found 6 services. First service: example.com (active)

✅ PASS My Services - Renew
   Details: Service renewed, new expiry: 2028-10-02T09:59:10.491000

----------------------------------------
Running Notifications...
✅ PASS Notifications - Get
   Details: Found 9 notifications. Latest: Service Renewed

✅ PASS Notifications - Mark Read
   Details: Notification 68df9ea2ef6aae8e68949075 marked as read

✅ PASS Notifications - Mark All Read
   Details: Response: 1 notifications marked as read

----------------------------------------
Running Edge Cases...
✅ PASS Edge Case - Empty Cart Checkout
   Details: Empty cart checkout correctly rejected

✅ PASS Edge Case - Invalid Payment Method
   Details: Invalid payment method handled gracefully

✅ PASS Edge Case - Non-existent Payment
   Details: Non-existent payment correctly returns 404

----------------------------------------
================================================================================
TEST SUMMARY
================================================================================
Passed: 7/8
Success Rate: 87.5%

✅ PASS User Login
✅ PASS Domain Check API
✅ PASS Cart - Get Empty
✅ PASS Cart - Add Domain
✅ PASS Cart - Add Hosting
✅ PASS Cart - Remove Item
✅ PASS Cart - Clear
✅ PASS Checkout
✅ PASS Payment Simulation Start
❌ FAIL Payment Status Check
   Error: Status: 500
✅ PASS Payment Auto-Success
✅ PASS Order Status Update
✅ PASS My Services - Get
✅ PASS My Services - Renew
✅ PASS Notifications - Get
✅ PASS Notifications - Mark Read
✅ PASS Notifications - Mark All Read
✅ PASS Edge Case - Empty Cart Checkout
✅ PASS Edge Case - Invalid Payment Method
✅ PASS Edge Case - Non-existent Payment
